------------------------------------------------------------
Timing Analyzer Summary
------------------------------------------------------------

Type  : Slow 1100mV 85C Model Setup 'clk'
Slack : -0.296
TNS   : -1.220

Type  : Slow 1100mV 85C Model Hold 'clk'
Slack : 0.282
TNS   : 0.000

Type  : Slow 1100mV 85C Model Minimum Pulse Width 'clk'
Slack : -0.538
TNS   : -10.002

Type  : Slow 1100mV 0C Model Setup 'clk'
Slack : -0.351
TNS   : -1.251

Type  : Slow 1100mV 0C Model Hold 'clk'
Slack : 0.259
TNS   : 0.000

Type  : Slow 1100mV 0C Model Minimum Pulse Width 'clk'
Slack : -0.538
TNS   : -10.249

Type  : Fast 1100mV 85C Model Setup 'clk'
Slack : 0.327
TNS   : 0.000

Type  : Fast 1100mV 85C Model Hold 'clk'
Slack : 0.147
TNS   : 0.000

Type  : Fast 1100mV 85C Model Minimum Pulse Width 'clk'
Slack : -0.086
TNS   : -1.102

Type  : Fast 1100mV 0C Model Setup 'clk'
Slack : 0.378
TNS   : 0.000

Type  : Fast 1100mV 0C Model Hold 'clk'
Slack : 0.129
TNS   : 0.000

Type  : Fast 1100mV 0C Model Minimum Pulse Width 'clk'
Slack : -0.091
TNS   : -1.167

------------------------------------------------------------
