------------------------------------------------------------
Timing Analyzer Summary
------------------------------------------------------------

Type  : Slow 1100mV 85C Model Setup 'clk'
Slack : -10.698
TNS   : -21290.814

Type  : Slow 1100mV 85C Model Hold 'clk'
Slack : 0.350
TNS   : 0.000

Type  : Slow 1100mV 85C Model Minimum Pulse Width 'clk'
Slack : -2.636
TNS   : -2338.943

Type  : Slow 1100mV 0C Model Setup 'clk'
Slack : -10.773
TNS   : -21211.735

Type  : Slow 1100mV 0C Model Hold 'clk'
Slack : 0.327
TNS   : 0.000

Type  : Slow 1100mV 0C Model Minimum Pulse Width 'clk'
Slack : -2.636
TNS   : -2360.970

Type  : Fast 1100mV 85C Model Setup 'clk'
Slack : -5.142
TNS   : -9375.753

Type  : Fast 1100mV 85C Model Hold 'clk'
Slack : 0.182
TNS   : 0.000

Type  : Fast 1100mV 85C Model Minimum Pulse Width 'clk'
Slack : -2.174
TNS   : -540.415

Type  : Fast 1100mV 0C Model Setup 'clk'
Slack : -4.555
TNS   : -8231.426

Type  : Fast 1100mV 0C Model Hold 'clk'
Slack : 0.166
TNS   : 0.000

Type  : Fast 1100mV 0C Model Minimum Pulse Width 'clk'
Slack : -2.174
TNS   : -547.087

------------------------------------------------------------
