------------------------------------------------------------
Timing Analyzer Summary
------------------------------------------------------------

Type  : Slow 1100mV 85C Model Setup 'clk'
Slack : -11.386
TNS   : -10283.661

Type  : Slow 1100mV 85C Model Hold 'clk'
Slack : 0.286
TNS   : 0.000

Type  : Slow 1100mV 85C Model Minimum Pulse Width 'clk'
Slack : -0.538
TNS   : -827.173

Type  : Slow 1100mV 0C Model Setup 'clk'
Slack : -11.187
TNS   : -10036.100

Type  : Slow 1100mV 0C Model Hold 'clk'
Slack : 0.268
TNS   : 0.000

Type  : Slow 1100mV 0C Model Minimum Pulse Width 'clk'
Slack : -0.538
TNS   : -832.669

Type  : Fast 1100mV 85C Model Setup 'clk'
Slack : -5.905
TNS   : -5346.534

Type  : Fast 1100mV 85C Model Hold 'clk'
Slack : 0.144
TNS   : 0.000

Type  : Fast 1100mV 85C Model Minimum Pulse Width 'clk'
Slack : -0.096
TNS   : -94.563

Type  : Fast 1100mV 0C Model Setup 'clk'
Slack : -5.223
TNS   : -4639.477

Type  : Fast 1100mV 0C Model Hold 'clk'
Slack : 0.135
TNS   : 0.000

Type  : Fast 1100mV 0C Model Minimum Pulse Width 'clk'
Slack : -0.095
TNS   : -95.901

------------------------------------------------------------
